~arena2\maps
~save0
~save1
~save2
~save3
~save4
~save5

install.exe			.\
install.scr			.\
install.pif			.\
data\*.*			.\data\
dagger\*.*			.\
#dagger\arena2\packed.dat	arena2\dagger.snd	arena2\
#dagger\arena2\packed.dat	arena2\arch3d.bsa	arena2\
dagger\arena2\report.exe	.\arena2\
dagger\arena2\text.rsc  	.\arena2\
dagger\arena2\amap00i0.img	.\arena2\
dagger\arena2\amap01i0.img	.\arena2\
dagger\arena2\monster.bsa	.\arena2\
dagger\arena2\bank00i0.img	.\arena2\
dagger\arena2\blocks.bsa	.\arena2\
dagger\arena2\body01i0.img	.\arena2\
dagger\arena2\body05i0.img	.\arena2\
dagger\arena2\body11i0.img	.\arena2\
dagger\arena2\body15i0.img	.\arena2\
dagger\arena2\book00i0.img	.\arena2\
dagger\arena2\bank01i0.img	.\arena2\
dagger\arena2\boar00i0.img	.\arena2\
dagger\arena2\body02i0.img	.\arena2\
dagger\arena2\body06i0.img	.\arena2\
dagger\arena2\body12i0.img	.\arena2\
dagger\arena2\body16i0.img	.\arena2\
dagger\arena2\body00i0.img	.\arena2\
dagger\arena2\body03i0.img	.\arena2\
dagger\arena2\body07i0.img	.\arena2\
dagger\arena2\body13i0.img	.\arena2\
dagger\arena2\body17i0.img	.\arena2\
dagger\arena2\body04i0.img	.\arena2\
dagger\arena2\body10i0.img	.\arena2\
dagger\arena2\body14i0.img	.\arena2\
dagger\arena2\class00.cfg	.\arena2\
dagger\arena2\class03.cfg	.\arena2\
dagger\arena2\class07.cfg	.\arena2\
dagger\arena2\class11.cfg	.\arena2\
dagger\arena2\class15.cfg	.\arena2\
dagger\arena2\classes.dat	.\arena2\
dagger\arena2\class01.cfg	.\arena2\
dagger\arena2\class04.cfg	.\arena2\
dagger\arena2\class08.cfg	.\arena2\
dagger\arena2\class12.cfg	.\arena2\
dagger\arena2\class16.cfg	.\arena2\
dagger\arena2\class02.cfg	.\arena2\
dagger\arena2\class05.cfg	.\arena2\
dagger\arena2\class09.cfg	.\arena2\
dagger\arena2\class13.cfg	.\arena2\
dagger\arena2\class17.cfg	.\arena2\
dagger\arena2\class06.cfg	.\arena2\
dagger\arena2\class10.cfg	.\arena2\
dagger\arena2\class14.cfg	.\arena2\
dagger\arena2\class18.cfg	.\arena2\
dagger\arena2\fmap0i00.img	.\arena2\
dagger\arena2\fmap0i11.img	.\arena2\
dagger\arena2\fmap0i19.img	.\arena2\
dagger\arena2\fmap0i23.img	.\arena2\
dagger\arena2\fmap0i34.img	.\arena2\
dagger\arena2\fmap0i38.img	.\arena2\
dagger\arena2\fmap0i42.img	.\arena2\
dagger\arena2\fmap0i46.img	.\arena2\
dagger\arena2\fmap0i50.img	.\arena2\
dagger\arena2\fmap0i54.img	.\arena2\
dagger\arena2\fmap0i58.img	.\arena2\
dagger\arena2\fmapai00.img	.\arena2\
dagger\arena2\fmapbi01.img	.\arena2\
dagger\arena2\fmapdi01.img	.\arena2\
dagger\arena2\fmap0i01.img	.\arena2\
dagger\arena2\fmap0i16.img	.\arena2\
dagger\arena2\fmap0i20.img	.\arena2\
dagger\arena2\fmap0i26.img	.\arena2\
dagger\arena2\fmap0i35.img	.\arena2\
dagger\arena2\fmap0i39.img	.\arena2\
dagger\arena2\fmap0i43.img	.\arena2\
dagger\arena2\fmap0i47.img	.\arena2\
dagger\arena2\fmap0i51.img	.\arena2\
dagger\arena2\fmap0i55.img	.\arena2\
dagger\arena2\fmap0i59.img	.\arena2\
dagger\arena2\fmapai01.img	.\arena2\
dagger\arena2\fmapbi16.img	.\arena2\
dagger\arena2\fmapdi16.img	.\arena2\
dagger\arena2\fmap0i05.img	.\arena2\
dagger\arena2\fmap0i17.img	.\arena2\
dagger\arena2\fmap0i21.img	.\arena2\
dagger\arena2\fmap0i32.img	.\arena2\
dagger\arena2\fmap0i36.img	.\arena2\
dagger\arena2\fmap0i40.img	.\arena2\
dagger\arena2\fmap0i44.img	.\arena2\
dagger\arena2\fmap0i48.img	.\arena2\
dagger\arena2\fmap0i52.img	.\arena2\
dagger\arena2\fmap0i56.img	.\arena2\
dagger\arena2\fmap0i60.img	.\arena2\
dagger\arena2\fmapai16.img	.\arena2\
dagger\arena2\fmapci01.img	.\arena2\
dagger\arena2\fmap_pal.col	.\arena2\
dagger\arena2\herb00i0.img	.\arena2\
dagger\arena2\fmap0i09.img	.\arena2\
dagger\arena2\fmap0i18.img	.\arena2\
dagger\arena2\fmap0i22.img	.\arena2\
dagger\arena2\fmap0i33.img	.\arena2\
dagger\arena2\fmap0i37.img	.\arena2\
dagger\arena2\fmap0i41.img	.\arena2\
dagger\arena2\fmap0i45.img	.\arena2\
dagger\arena2\fmap0i49.img	.\arena2\
dagger\arena2\fmap0i53.img	.\arena2\
dagger\arena2\fmap0i57.img	.\arena2\
dagger\arena2\fmap0i61.img	.\arena2\
dagger\arena2\fmapbi00.img	.\arena2\
dagger\arena2\fmapci16.img	.\arena2\
dagger\arena2\icon00i0.img	.\arena2\
dagger\arena2\info01i0.img	.\arena2\
dagger\arena2\inve01i0.img	.\arena2\
dagger\arena2\inve05i0.img	.\arena2\
dagger\arena2\inve09i0.img	.\arena2\
dagger\arena2\inve13i0.img	.\arena2\
dagger\arena2\ipaint.cif	.\arena2\
dagger\arena2\lamp00i0.img	.\arena2\
dagger\arena2\load00i0.img	.\arena2\
dagger\arena2\mage00i0.img	.\arena2\
dagger\arena2\main02i0.img	.\arena2\
dagger\arena2\mask01i0.img	.\arena2\
dagger\arena2\mask06i0.img	.\arena2\
dagger\arena2\info00i0.img	.\arena2\
dagger\arena2\inve0fi0.img	.\arena2\
dagger\arena2\inve02i0.img	.\arena2\
dagger\arena2\inve06i0.img	.\arena2\
dagger\arena2\inve10i0.img	.\arena2\
dagger\arena2\inve14i0.img	.\arena2\
dagger\arena2\lgbk00i0.img	.\arena2\
dagger\arena2\main03i0.img	.\arena2\
dagger\arena2\mask02i0.img	.\arena2\
dagger\arena2\inve00i0.img	.\arena2\
dagger\arena2\inve03i0.img	.\arena2\
dagger\arena2\inve07i0.img	.\arena2\
dagger\arena2\inve11i0.img	.\arena2\
dagger\arena2\inve15i0.img	.\arena2\
dagger\arena2\main04i0.img	.\arena2\
dagger\arena2\mask04i0.img	.\arena2\
dagger\arena2\inve04i0.img	.\arena2\
dagger\arena2\inve08i0.img	.\arena2\
dagger\arena2\inve12i0.img	.\arena2\
dagger\arena2\inve16i0.cif	.\arena2\
dagger\arena2\main05i0.img	.\arena2\
dagger\arena2\mask05i0.img	.\arena2\
dagger\arena2\note.rci		.\arena2\
dagger\arena2\optn00i0.img	.\arena2\
dagger\arena2\move00i0.img	.\arena2\
dagger\arena2\move01i0.img	.\arena2\
dagger\arena2\repr01i0.img	.\arena2\
dagger\arena2\rest01i0.img	.\arena2\
dagger\arena2\scbg00i0.img	.\arena2\
dagger\arena2\scbg04i0.img	.\arena2\
dagger\arena2\scbg08i0.img	.\arena2\
dagger\arena2\scrl05i0.img	.\arena2\
dagger\arena2\scrl10i0.img	.\arena2\
dagger\arena2\scrl14i0.img	.\arena2\
dagger\arena2\shop00i0.img	.\arena2\
dagger\arena2\shop01i0.img	.\arena2\
dagger\arena2\shop03i0.img	.\arena2\
dagger\arena2\spbk00i0.img	.\arena2\
dagger\arena2\talk00i0.img	.\arena2\
dagger\arena2\talk03i0.img	.\arena2\
dagger\arena2\repr02i0.img	.\arena2\
dagger\arena2\rest02i0.img	.\arena2\
dagger\arena2\scbg01i0.img	.\arena2\
dagger\arena2\scbg05i0.img	.\arena2\
dagger\arena2\scrl00i0.gfx	.\arena2\
dagger\arena2\scrl07i0.img	.\arena2\
dagger\arena2\scrl11i0.img	.\arena2\
dagger\arena2\shop01i1.img	.\arena2\
dagger\arena2\shop03i1.img	.\arena2\
dagger\arena2\spbk01i0.img	.\arena2\
dagger\arena2\talk01i0.img	.\arena2\
dagger\arena2\rest00i0.img	.\arena2\
dagger\arena2\scbg02i0.img	.\arena2\
dagger\arena2\scrl01i0.gfx	.\arena2\
dagger\arena2\scrl08i0.img	.\arena2\
dagger\arena2\scrl12i0.img	.\arena2\
dagger\arena2\shop02i0.img	.\arena2\
dagger\arena2\shop04i0.img	.\arena2\
dagger\arena2\talk02i0.img	.\arena2\
dagger\arena2\scbg03i0.img	.\arena2\
dagger\arena2\scrl04i0.img	.\arena2\
dagger\arena2\scrl09i0.img	.\arena2\
dagger\arena2\scrl13i0.img	.\arena2\
dagger\arena2\shop02i1.img	.\arena2\
dagger\arena2\shop04i1.img	.\arena2\
dagger\arena2\texture.200	.\arena2\
dagger\arena2\texture.203	.\arena2\
dagger\arena2\texture.207	.\arena2\
dagger\arena2\texture.211	.\arena2\
dagger\arena2\texture.215	.\arena2\
dagger\arena2\texture.233	.\arena2\
dagger\arena2\texture.237	.\arena2\
dagger\arena2\texture.241	.\arena2\
dagger\arena2\texture.247	.\arena2\
dagger\arena2\texture.251	.\arena2\
dagger\arena2\texture.255	.\arena2\
dagger\arena2\texture.259	.\arena2\
dagger\arena2\texture.263	.\arena2\
dagger\arena2\texture.267	.\arena2\
dagger\arena2\texture.271	.\arena2\
dagger\arena2\texture.275	.\arena2\
dagger\arena2\texture.279	.\arena2\
dagger\arena2\texture.283	.\arena2\
dagger\arena2\texture.287	.\arena2\
dagger\arena2\texture.292	.\arena2\
dagger\arena2\texture.298	.\arena2\
dagger\arena2\texture.201	.\arena2\
dagger\arena2\texture.204	.\arena2\
dagger\arena2\texture.208	.\arena2\
dagger\arena2\texture.212	.\arena2\
dagger\arena2\texture.216	.\arena2\
dagger\arena2\texture.234	.\arena2\
dagger\arena2\texture.238	.\arena2\
dagger\arena2\texture.242	.\arena2\
dagger\arena2\texture.248	.\arena2\
dagger\arena2\texture.252	.\arena2\
dagger\arena2\texture.256	.\arena2\
dagger\arena2\texture.260	.\arena2\
dagger\arena2\texture.264	.\arena2\
dagger\arena2\texture.268	.\arena2\
dagger\arena2\texture.272	.\arena2\
dagger\arena2\texture.276	.\arena2\
dagger\arena2\texture.280	.\arena2\
dagger\arena2\texture.284	.\arena2\
dagger\arena2\texture.288	.\arena2\
dagger\arena2\texture.293	.\arena2\
dagger\arena2\texture.299	.\arena2\
dagger\arena2\texture.202	.\arena2\
dagger\arena2\texture.205	.\arena2\
dagger\arena2\texture.209	.\arena2\
dagger\arena2\texture.213	.\arena2\
dagger\arena2\texture.217	.\arena2\
dagger\arena2\texture.235	.\arena2\
dagger\arena2\texture.239	.\arena2\
dagger\arena2\texture.245	.\arena2\
dagger\arena2\texture.249	.\arena2\
dagger\arena2\texture.253	.\arena2\
dagger\arena2\texture.257	.\arena2\
dagger\arena2\texture.261	.\arena2\
dagger\arena2\texture.265	.\arena2\
dagger\arena2\texture.269	.\arena2\
dagger\arena2\texture.273	.\arena2\
dagger\arena2\texture.277	.\arena2\
dagger\arena2\texture.281	.\arena2\
dagger\arena2\texture.285	.\arena2\
dagger\arena2\texture.290	.\arena2\
dagger\arena2\texture.296	.\arena2\
dagger\arena2\texture.206	.\arena2\
dagger\arena2\texture.210	.\arena2\
dagger\arena2\texture.214	.\arena2\
dagger\arena2\texture.218	.\arena2\
dagger\arena2\texture.236	.\arena2\
dagger\arena2\texture.240	.\arena2\
dagger\arena2\texture.246	.\arena2\
dagger\arena2\texture.250	.\arena2\
dagger\arena2\texture.254	.\arena2\
dagger\arena2\texture.258	.\arena2\
dagger\arena2\texture.262	.\arena2\
dagger\arena2\texture.266	.\arena2\
dagger\arena2\texture.270	.\arena2\
dagger\arena2\texture.274	.\arena2\
dagger\arena2\texture.278	.\arena2\
dagger\arena2\texture.282	.\arena2\
dagger\arena2\texture.286	.\arena2\
dagger\arena2\texture.291	.\arena2\
dagger\arena2\texture.297	.\arena2\
dagger\arena2\tmap00i0.img	.\arena2\
dagger\arena2\tmpl01i0.img	.\arena2\
dagger\arena2\trav0i00.img	.\arena2\
dagger\arena2\trav0i04.img	.\arena2\
dagger\arena2\travai05.img	.\arena2\
dagger\arena2\tvrn00i0.img	.\arena2\
dagger\arena2\tmpl00i0.img	.\arena2\
dagger\arena2\trav00i0.img	.\arena2\
dagger\arena2\trav01i0.img	.\arena2\
dagger\arena2\travbi05.img	.\arena2\
dagger\arena2\trav0i01.img	.\arena2\
dagger\arena2\trav01i1.img	.\arena2\
dagger\arena2\travci05.img	.\arena2\
dagger\arena2\trav0i03.img	.\arena2\
dagger\arena2\trav02i0.img	.\arena2\
dagger\arena2\travdi05.img	.\arena2\
dagger\arena2\weapo101.cif	.\arena2\
dagger\arena2\weapo106.cif	.\arena2\
dagger\arena2\weapon01.cif	.\arena2\
dagger\arena2\weapon05.cif	.\arena2\
dagger\arena2\weapon09.cif	.\arena2\
dagger\arena2\were01i0.img	.\arena2\
dagger\arena2\weapo104.cif	.\arena2\
dagger\arena2\weapo107.cif	.\arena2\
dagger\arena2\weapon02.cif	.\arena2\
dagger\arena2\weapon06.cif	.\arena2\
dagger\arena2\weapon10.cif	.\arena2\
dagger\arena2\wolf00i0.img	.\arena2\
dagger\arena2\weapo105.cif	.\arena2\
dagger\arena2\weapo108.cif	.\arena2\
dagger\arena2\weapon03.cif	.\arena2\
dagger\arena2\weapon07.cif	.\arena2\
dagger\arena2\weapon11.cif	.\arena2\
dagger\arena2\weapon00.cif	.\arena2\
dagger\arena2\weapon04.cif	.\arena2\
dagger\arena2\weapon08.cif	.\arena2\
dagger\arena2\were00i0.img	.\arena2\
dagger\arena2\maps\*.*		.\arena2\maps\






